// Jest Snapshot v1, https://goo.gl/fbAQLP

exports[`atom 1.0 should generate a valid feed 1`] = `
"<?xml version=\\"1.0\\" encoding=\\"utf-8\\"?>
<feed>
    <entry>
        <id>https://example.com/hello-world?link=sanitized&amp;value=2</id>
        <title type=\\"html\\"><![CDATA[Hello World]]></title>
        <url href=\\"https://example.com/hello-world?link=sanitized&amp;value=2\\"/>
        <links>
            <title>My Link</title>
            <url>https://example.com/hello-world?link=sanitized&amp;value=2</url>
        </links>
    </entry>
</feed>"
`;
