// Jest Snapshot v1, https://goo.gl/fbAQLP

exports[`json 1 should generate a valid feed 1`] = `
"{
    \\"items\\": [
        {
            \\"title\\": \\"Hello World\\",
            \\"url\\": \\"https://example.com/hello-world?link=sanitized&value=2\\",
            \\"links\\": [
                {
                    \\"title\\": \\"My Link\\",
                    \\"url\\": \\"https://example.com/hello-world?link=sanitized&value=2\\"
                }
            ]
        }
    ]
}"
`;
